Kotlin does not yet support 24 JDK target, falling back to Kotlin JVM_22 JVM target
> Task :buildSrc:checkKotlinGradlePluginConfigurationErrors SKIPPED
> Task :buildSrc:generateExternalPluginSpecBuilders UP-TO-DATE
> Task :buildSrc:extractPrecompiledScriptPluginPlugins UP-TO-DATE
> Task :buildSrc:compilePluginsBlocks UP-TO-DATE
> Task :buildSrc:generatePrecompiledScriptPluginAccessors UP-TO-DATE
> Task :buildSrc:generateScriptPluginAdapters UP-TO-DATE

> Task :buildSrc:compileKotlin UP-TO-DATE
Kotlin does not yet support 24 JDK target, falling back to Kotlin JVM_22 JVM target

> Task :buildSrc:compileJava NO-SOURCE
> Task :buildSrc:compileGroovy NO-SOURCE
> Task :buildSrc:pluginDescriptors UP-TO-DATE
> Task :buildSrc:processResources UP-TO-DATE
> Task :buildSrc:classes UP-TO-DATE
> Task :buildSrc:jar UP-TO-DATE
> Task :JExCommand:compileJava UP-TO-DATE
> Task :RCore:compileJava UP-TO-DATE
> Task :RPlatform:compileJava UP-TO-DATE
> Task :JExCommand:processResources NO-SOURCE
> Task :JExCommand:classes UP-TO-DATE
> Task :RCore:generateDependenciesYml UP-TO-DATE
> Task :RPlatform:processResources UP-TO-DATE
> Task :RPlatform:classes UP-TO-DATE
> Task :JExEconomy:jexeconomy-common:compileJava UP-TO-DATE
> Task :JExEconomy:jexeconomy-common:generateDependenciesYml UP-TO-DATE
> Task :JExEconomy:jexeconomy-common:generatePaperDependenciesYml UP-TO-DATE
> Task :JExEconomy:jexeconomy-common:generateSpigotDependenciesYml UP-TO-DATE
> Task :JExCommand:jar UP-TO-DATE
> Task :RPlatform:jar UP-TO-DATE
> Task :RCore:processResources UP-TO-DATE
> Task :RCore:classes UP-TO-DATE
> Task :RCore:jar SKIPPED
> Task :JExEconomy:jexeconomy-common:processResources UP-TO-DATE
> Task :JExEconomy:jexeconomy-common:classes UP-TO-DATE
> Task :JExEconomy:jexeconomy-common:jar UP-TO-DATE

> Task :RDQ:rdq-common:compileJava
.\gradlew.bat : C:\Users\Privat\Idea
Projects\RaindropCentral\RDQ\rdq-com
mon\src\main\java\com\raindropcentra
l\rdq\rank\RankSystemFactory.java:83
1: Warnung: [unchecked] Nicht 
gepr├╝ftes Casting
In Zeile:1 Zeichen:53
+ ... dropCentral" ; .\gradlew.bat 
:RDQ:rdq-common:compileJava 2>&1 | 
Out-F ...
+                    ~~~~~~~~~~~~~~~
~~~~~~~~~~~~~~~~~~~~~~~~~~~~~~~
    + CategoryInfo          : NotSp 
   ecified: (C:\Users\Privat...r├╝  
  ftes Casting:String) [], Remote   
 Exception
    + FullyQualifiedErrorId : Nativ 
   eCommandError
 
                final 
RewardFactory<RewardSection> 
rewardFactory = 
(RewardFactory<RewardSection>) 
(RewardFactory<?>) 
RewardFactory.getInstance();
                                    
                                    
                          ^
  Erforderlich: 
RewardFactory<RewardSection>
  Ermittelt:    RewardFactory<CAP#1>
  Dabei ist CAP#1 eine neue 
Typvariable:
    CAP#1 erweitert Object aus 
Erfassung von ?
C:\Users\Privat\IdeaProjects\Raindro
pCentral\RDQ\rdq-common\src\main\jav
a\com\raindropcentral\rdq\service\Ra
nkUpgradeService.java:441: Fehler: 
Symbol nicht gefunden
			LOGGER.fine("Applying " + 
rewardsList.size() + " rewards for 
rank " + rank.getIdentifier() + 
			                                 
    ^
  Symbol: Methode size()
  Ort: Variable rewardsList von Typ 
Optional<RRankReward>
C:\Users\Privat\IdeaProjects\Raindro
pCentral\RDQ\rdq-common\src\main\jav
a\com\raindropcentral\rdq\perk\handl
er\PotionPerkHandler.java:131: 
Warnung: [deprecation] getName() in 
PotionEffectType ist veraltet
		LOGGER.info("Applied potion 
effect " + effectType.getName() + " 
(amplifier " + amplifier + 
		                                  
               ^
C:\Users\Privat\IdeaProjects\Raindro
pCentral\RDQ\rdq-common\src\main\jav
a\com\raindropcentral\rdq\perk\handl
er\PotionPerkHandler.java:193: 
Warnung: [deprecation] getName() in 
PotionEffectType ist veraltet
		LOGGER.info("Removed potion 
effect " + effectType.getName() + " 
from player " + player.getName() + 
		                                  
               ^
C:\Users\Privat\IdeaProjects\Raindro
pCentral\RDQ\rdq-common\src\main\jav
a\com\raindropcentral\rdq\perk\handl
er\EventPerkHandler.java:266: 
Warnung: [deprecation] addPotionEffe
ct(PotionEffect,boolean) in 
LivingEntity ist veraltet
				player.addPotionEffect(new 
PotionEffect(
				      ^
C:\Users\Privat\IdeaProjects\Raindro
pCentral\RDQ\rdq-common\src\main\jav
a\com\raindropcentral\rdq\perk\handl
er\EventPerkHandler.java:301: 
Warnung: [deprecation] addPotionEffe
ct(PotionEffect,boolean) in 
LivingEntity ist veraltet
				player.addPotionEffect(new 
PotionEffect(
				      ^
C:\Users\Privat\IdeaProjects\Raindro
pCentral\RDQ\rdq-common\src\main\jav
a\com\raindropcentral\rdq\perk\handl
er\EventPerkHandler.java:375: 
Warnung: [removal] valueOf(String) 
in Sound ist veraltet und wurde zum 
Entfernen markiert
			Sound sound = 
Sound.valueOf(soundType != null ? 
soundType : 
"ENTITY_PLAYER_LEVELUP");
			                   ^
C:\Users\Privat\IdeaProjects\Raindro
pCentral\RDQ\rdq-common\src\main\jav
a\com\raindropcentral\rdq\listener\Q
uestProgressCacheListener.java:73: 
Warnung: [deprecation] 
kickPlayer(String) in Player ist 
veraltet
                
player.kickPlayer("┬ºcFailed to 
load quest data. Please try 
again.");
                      ^
C:\Users\Privat\IdeaProjects\Raindro
pCentral\RDQ\rdq-common\src\main\jav
a\com\raindropcentral\rdq\view\bount
y\BountyRewardView.java:370: 
Warnung: [deprecation] 
setCursor(ItemStack) in 
InventoryClickEvent ist veraltet
				clickContext.getClickOrigin().se
tCursor(null);
				                             ^
C:\Users\Privat\IdeaProjects\Raindro
pCentral\RDQ\rdq-common\src\main\jav
a\com\raindropcentral\rdq\view\ranks
\RankPathRankRequirementOverview.jav
a:544: Warnung: [unchecked] Nicht 
gepr├╝ftes Casting
			Map<String, Object> updatedData 
= new HashMap<>((Map<String, 
Object>) 
clickContext.getInitialData());
			                                 
                                    
                            ^
  Erforderlich: Map<String,Object>
  Ermittelt:    Object
C:\Users\Privat\IdeaProjects\Raindro
pCentral\RDQ\rdq-common\src\main\jav
a\com\raindropcentral\rdq\view\ranks
\RankPathRankRequirementOverview.jav
a:649: Warnung: [unchecked] Nicht 
gepr├╝ftes Casting
			map.putAll((Map<? extends 
String, ?>) close.getInitialData());
			                                 
                         ^
  Erforderlich: Map<? extends 
String,?>
  Ermittelt:    Object
C:\Users\Privat\IdeaProjects\Raindro
pCentral\RDQ\rdq-common\src\main\jav
a\com\raindropcentral\rdq\view\ranks
\RankPathRankRequirementOverview.jav
a:672: Warnung: [unchecked] Nicht 
gepr├╝ftes Casting
			final Map<String, Object> 
initialData = new 
HashMap<>((Map<String, Object>) 
clickContext.getInitialData());
			                                 
                                    
                                  ^
  Erforderlich: Map<String,Object>
  Ermittelt:    Object
1 Fehler
11 Warnungen

> Task :RDQ:rdq-common:compileJava FAILED

[Incubating] Problems report is available at: file:///C:/Users/Privat/IdeaProjects/RaindropCentral/build/reports/problems/problems-report.html

FAILURE: Build failed with an 
exception.

* What went wrong:
Execution failed for task 
':RDQ:rdq-common:compileJava'.
> Compilation failed; see the 
compiler output below.
  C:\Users\Privat\IdeaProjects\Raind
ropCentral\RDQ\rdq-common\src\main\j
ava\com\raindropcentral\rdq\rank\Ran
kSystemFactory.java:831: Warnung: 
[unchecked] Nicht gepr├╝ftes Casting
                  final 
RewardFactory<RewardSection> 
rewardFactory = 
(RewardFactory<RewardSection>) 
(RewardFactory<?>) 
RewardFactory.getInstance();
                                    
                                    
                            ^
    Erforderlich: 
RewardFactory<RewardSection>
    Ermittelt:    
RewardFactory<CAP#1>
    Dabei ist CAP#1 eine neue 
Typvariable:
      CAP#1 erweitert Object aus 
Erfassung von ?
  1 Fehler
  11 Warnungen

* Try:
> Run with --scan to get full 
insights.

Deprecated Gradle features were used in this build, making it incompatible with Gradle 9.0.

You can use '--warning-mode all' to show the individual deprecation warnings and determine if they come from your own scripts or plugins.

For more on this, please refer to https://docs.gradle.org/8.14/userguide/command_line_interface.html#sec:command_line_warnings in the Gradle documentation.

BUILD FAILED in 9s
24 actionable tasks: 1 executed, 23 up-to-date
